// Jest Snapshot v1, https://goo.gl/fbAQLP

exports[`renders correctly when there are no items 1`] = `
<div>
  <h2
    className="header light-text"
    data-testid="header"
  >
    Visa Card
  </h2>
  <div
    className="card-validator light-border"
  >
    <form
      action="#"
      className="card-fields"
      data-testid="card-fields"
      onReset={[Function]}
      onSubmit={[Function]}
    >
      <div
        className="card-body light-card-border"
        data-testid="card-body"
      >
        <h2
          className="card-number"
          data-testid="card-number"
        >
          0000 0000 0000 0000
        </h2>
        <div
          className="card-holder"
          data-testid="card-holder"
        >
          NAME SURNAME
        </div>
        <div
          className="exp-date"
          data-testid="exp-date"
        >
          00
           / 
          00
        </div>
        <div
          className=""
          data-testid="cvv"
        >
          CVV: 
          000(0)
        </div>
        <img
          alt="card chip"
          className=""
          data-testid="chip-img"
          src="chip-card.png"
        />
        <img
          alt="visa logo"
          className=""
          data-testid="visa-img"
          src="visa.png"
        />
      </div>
      <label
        aria-labelledby="cardNumber"
        className="card-field-label light-text"
        data-testid="cardNumber"
        htmlFor="cardNumber"
      >
        Card Number
      </label>
      <input
        className="card-field"
        data-testid="cardNumberInput"
        name="cardNumber"
        onBlur={[Function]}
        onChange={[Function]}
        type="text"
        value=""
      />
      <span
        className="err-msg light-err"
      />
      <label
        className="card-field-label light-text"
        htmlFor="cardHolder"
      >
        Card Holder
      </label>
      <input
        className="card-field"
        name="cardHolder"
        onBlur={[Function]}
        onChange={[Function]}
        type="text"
        value=""
      />
      <span
        className="err-msg light-err"
      />
      <div
        className="expDate-cvv"
      >
        <div
          className="expDate-set"
        >
          <label
            className="card-field-label light-text"
            htmlFor="month"
          >
            Expiration Date
          </label>
          <div
            className="expDate-field"
          >
            <div
              className="month-field"
            >
              <select
                className="card-field expDate-input"
                name="month"
                onBlur={[Function]}
                onChange={[Function]}
                value=""
              >
                <option
                  value=""
                >
                  Month
                </option>
                <option
                  value="01"
                >
                  January
                </option>
                <option
                  value="02"
                >
                  February
                </option>
                <option
                  value="03"
                >
                  March
                </option>
                <option
                  value="04"
                >
                  April
                </option>
                <option
                  value="05"
                >
                  May
                </option>
                <option
                  value="06"
                >
                  June
                </option>
                <option
                  value="07"
                >
                  July
                </option>
                <option
                  value="08"
                >
                  August
                </option>
                <option
                  value="09"
                >
                  September
                </option>
                <option
                  value="10"
                >
                  October
                </option>
                <option
                  value="11"
                >
                  November
                </option>
                <option
                  value="12"
                >
                  December
                </option>
              </select>
              <span
                className="err-msg light-err"
              />
            </div>
            <div
              className="year-field"
            >
              <select
                className="card-field expDate-input"
                name="year"
                onBlur={[Function]}
                onChange={[Function]}
                value=""
              >
                <option
                  value=""
                >
                  Year
                </option>
                <option
                  value="27"
                >
                  2027
                </option>
                <option
                  value="26"
                >
                  2026
                </option>
                <option
                  value="25"
                >
                  2025
                </option>
                <option
                  value="24"
                >
                  2024
                </option>
                <option
                  value="23"
                >
                  2023
                </option>
                <option
                  value="22"
                >
                  2022
                </option>
              </select>
              <span
                className="err-msg light-err"
              />
            </div>
          </div>
        </div>
        <div
          className="cvv-set"
        >
          <label
            className="card-field-label light-text"
            htmlFor="CVV"
          >
            CVV
          </label>
          <input
            className="card-field cvv-input"
            name="CVV"
            onBlur={[Function]}
            onChange={[Function]}
            type="text"
            value=""
          />
          <span
            className="err-msg light-err"
          />
        </div>
      </div>
      <button
        className="submit-btn light-btn"
        data-testid="submit-btn"
        disabled={false}
        type="submit"
      >
        Submit
      </button>
    </form>
  </div>
</div>
`;
